[INFO] Scanning for projects...
[INFO] 
[INFO] --------------< com.example:School_Administration_System >--------------
[INFO] Building School_Administration_System 1.0-SNAPSHOT
[INFO] --------------------------------[ jar ]---------------------------------
[INFO] 
[INFO] --- maven-resources-plugin:2.6:resources (default-resources) @ School_Administration_System ---
[INFO] Using 'UTF-8' encoding to copy filtered resources.
[INFO] Copying 4 resources
[INFO] 
[INFO] --- maven-compiler-plugin:3.13.0:compile (default-compile) @ School_Administration_System ---
[WARNING] Can't extract module name from toolboxfx-21.0.5.jar: Unsupported major.minor version 65.0
[WARNING] Can't extract module name from toolbox-21.0.9.jar: Unsupported major.minor version 65.0
[WARNING] Can't extract module name from tilesfx-21.0.9.jar: Unsupported major.minor version 65.0
[WARNING] Can't extract module name from heatmap-21.0.5.jar: Unsupported major.minor version 65.0
[WARNING] Can't extract module name from countries-21.0.17.jar: Unsupported major.minor version 65.0
[INFO] Nothing to compile - all classes are up to date.
[INFO] ------------------------------------------------------------------------
[INFO] BUILD SUCCESS
[INFO] ------------------------------------------------------------------------
[INFO] Total time:  1.098 s
[INFO] Finished at: 2026-03-05T19:36:47+01:00
[INFO] ------------------------------------------------------------------------
